VM1167:56 [CursorBrowser] Native dialog overrides installed - dialogs are now non-blocking
 Hello from customScript.js!
react-dom_client.js?v=39366b90:20103 Download the React DevTools for a better development experience: https://react.dev/link/react-devtools
index.tsx:2343 [CHAT] Current projectId: default_chat_session from messages: null from session: default_chat_session
index.tsx:2343 [CHAT] Current projectId: default_chat_session from messages: null from session: default_chat_session
index.tsx:834 [SSE] Setting up connection for session: default_chat_session
index.tsx:640 [CHAT] Loading chat history...
index.tsx:641 [CHAT] Session ID: default_chat_session
index.tsx:642 [CHAT] History URL: http://localhost:8080/chat/history/default_chat_session
index.tsx:2343 [CHAT] Current projectId: default_chat_session from messages: null from session: default_chat_session
index.tsx:2343 [CHAT] Current projectId: default_chat_session from messages: null from session: default_chat_session
index.tsx:2343 [CHAT] Current projectId: default_chat_session from messages: null from session: default_chat_session
index.tsx:2343 [CHAT] Current projectId: default_chat_session from messages: null from session: default_chat_session
index.tsx:2343 [CHAT] Current projectId: default_chat_session from messages: null from session: default_chat_session
index.tsx:2343 [CHAT] Current projectId: default_chat_session from messages: null from session: default_chat_session
index.tsx:1249 ========================================
index.tsx:1250 [CHAT SUBMIT] Starting chat submission
index.tsx:1251 [CHAT SUBMIT] Message: Hi
index.tsx:1252 [CHAT SUBMIT] Session ID: default_chat_session
index.tsx:1253 ========================================
index.tsx:1273 [CHAT SUBMIT] Assistant message ID: msg_1769695391129
index.tsx:1289 [CHAT SUBMIT] Added placeholder assistant message with thinking status
index.tsx:1292 [CHAT SUBMIT] Using Next.js API route
index.tsx:1303 [CHAT SUBMIT] Request body: Object
index.tsx:1304 [CHAT SUBMIT] Sending POST to: http://localhost:8080/chat
index.tsx:2343 [CHAT] Current projectId: default_chat_session from messages: null from session: default_chat_session
index.tsx:2343 [CHAT] Current projectId: default_chat_session from messages: null from session: default_chat_session
